15:44:20 **** Incremental Build of configuration Debug for project lab4 ****
make -j8 all 
arm-none-eabi-gcc "../Core/Src/main.c" -mcpu=cortex-m4 -std=gnu11 -g3 -DDEBUG -DUSE_HAL_DRIVER -DSTM32L433xx -c -I../Core/Inc -I../Drivers/STM32L4xx_HAL_Driver/Inc -I../Drivers/STM32L4xx_HAL_Driver/Inc/Legacy -I../Drivers/CMSIS/Device/ST/STM32L4xx/Include -I../Drivers/CMSIS/Include -O0 -ffunction-sections -fdata-sections -Wall -fstack-usage -fcyclomatic-complexity -MMD -MP -MF"Core/Src/main.d" -MT"Core/Src/main.o" --specs=nano.specs -mfpu=fpv4-sp-d16 -mfloat-abi=hard -mthumb -o "Core/Src/main.o"
../Core/Src/main.c: In function 'uart_print':
../Core/Src/main.c:59:47: warning: implicit declaration of function 'strlen' [-Wimplicit-function-declaration]
   59 |   HAL_UART_Transmit(&huart2, (uint8_t *) str, strlen(str), 255);
      |                                               ^~~~~~
../Core/Src/main.c:26:1: note: include '<string.h>' or provide a declaration of 'strlen'
   25 | #include <stdio.h>
  +++ |+#include <string.h>
   26 | /* USER CODE END Includes */
../Core/Src/main.c:59:47: warning: incompatible implicit declaration of built-in function 'strlen' [-Wbuiltin-declaration-mismatch]
   59 |   HAL_UART_Transmit(&huart2, (uint8_t *) str, strlen(str), 255);
      |                                               ^~~~~~
../Core/Src/main.c:59:47: note: include '<string.h>' or provide a declaration of 'strlen'
../Core/Src/main.c: In function 'main':
../Core/Src/main.c:209:5: warning: implicit declaration of function 'My_Delay'; did you mean 'HAL_Delay'? [-Wimplicit-function-declaration]
  209 |     My_Delay(1000*1000);
      |     ^~~~~~~~
      |     HAL_Delay
arm-none-eabi-gcc -o "lab4.elf" @"objects.list"   -mcpu=cortex-m4 -T"/home/spy/Documents/Microdata/lab4/STM32L433RCTXP_FLASH.ld" --specs=nosys.specs -Wl,-Map="lab4.map" -Wl,--gc-sections -static --specs=nano.specs -mfpu=fpv4-sp-d16 -mfloat-abi=hard -mthumb -Wl,--start-group -lc -lm -Wl,--end-group
Finished building target: lab4.elf
 
arm-none-eabi-size  lab4.elf 
arm-none-eabi-objdump -h -S lab4.elf  > "lab4.list"
   text	   data	    bss	    dec	    hex	filename
  22984	     96	   2288	  25368	   6318	lab4.elf
Finished building: default.size.stdout
 
Finished building: lab4.list
 
15:44:24 **** Incremental Build of configuration Debug for project lab4 ****
make -j8 all 
arm-none-eabi-size  lab4.elf 
   text	   data	    bss	    dec	    hex	filename
  22984	     96	   2288	  25368	   6318	lab4.elf
Finished building: default.size.stdout
 
15:44:36 **** Incremental Build of configuration Debug for project lab4 ****
make -j8 all 
arm-none-eabi-size  lab4.elf 
   text	   data	    bss	    dec	    hex	filename
  22984	     96	   2288	  25368	   6318	lab4.elf
Finished building: default.size.stdout
 
